// Jest Snapshot v1, https://goo.gl/fbAQLP

exports[`On render, check that ArticleList list is rendered correctly 1`] = `
<div
  class="pl-6 md:pl-72 relative pt-3 pr-6 md:pr-8"
>
  <div
    class="flex items-center mb-5"
  >
    <button
      class="block md:hidden mr-3 text-black hover:text-hmred"
    >
      <svg
        class="h-6 w-6"
        fill="none"
        stroke="currentColor"
        stroke-width="2"
        viewBox="0 0 24 24"
        xmlns="http://www.w3.org/2000/svg"
      >
        <path
          d="M4 6h16M4 12h16M4 18h16"
          stroke-linecap="round"
          stroke-linejoin="round"
        />
      </svg>
    </button>
    <h1
      class="text-2xl font-bold"
    >
      Möbel
      <small>
         (
        79279
        )
      </small>
    </h1>
  </div>
  <div
    class="grid grid-cols-1 md:grid-cols-2 lg:grid-cols-3 gap-7 mb-6"
  >
    <div
      class="rounded border border-hmash hover:border-hmred p-4 cursor-pointer text-sm"
    >
      <div
        class="mb-3"
      >
        <img
          alt="product image"
          class="h-52 md:h-48 w-full"
          src="https://cdn1.home24.net/images/media/catalog/product/200x200/png/m/a/matratzenbezug-smood-webstoff-180-x-200cm-3477221.webp"
        />
      </div>
      <p>
        Premium Komfortmatratze Smood
      </p>
      <p
        class="font-bold my-2"
      >
        549,99 €
      </p>
      <div
        class="mt-3 mb-2"
      >
        <button
          class="text-sm rounded text-white p-3 cursor-pointer bg-hmred hover:bg-orange-500 block w-full"
        >
          Add to cart
        </button>
      </div>
    </div>
    <div
      class="rounded border border-hmash hover:border-hmred p-4 cursor-pointer text-sm"
    >
      <div
        class="mb-3"
      >
        <img
          alt="product image"
          class="h-52 md:h-48 w-full"
          src="https://cdn1.home24.net/images/media/catalog/product/200x200/png/m/a/matratzenbezug-smood-webstoff-180-x-200cm-3477221.webp"
        />
      </div>
      <p>
        Premium Komfortmatratze Smood
      </p>
      <p
        class="font-bold my-2"
      >
        549,99 €
      </p>
      <div
        class="mt-3 mb-2"
      >
        <button
          class="text-sm rounded text-white p-3 cursor-pointer bg-hmred hover:bg-orange-500 block w-full"
        >
          Add to cart
        </button>
      </div>
    </div>
  </div>
  <div
    class="flex items-center justify-center py-6"
  >
    <button
      class="block text-hmred"
    >
      See More
    </button>
  </div>
</div>
`;
